// Vitest Snapshot v1, https://vitest.dev/guide/snapshot.html

exports[`iPC Plugin > should generate main registration code correctly 1`] = `
"
import { testFunction } from 'E:/workspaces/live-dist/packages/vite-plugin-electron-ipc/test/temp-ipc/testApi.ts';
import { syncFunction } from 'E:/workspaces/live-dist/packages/vite-plugin-electron-ipc/test/temp-ipc/testApi.ts';
import { ipcMain } from 'electron';

export function registerIPCFunctions() {
  ipcMain.handle('testApi:testFunction', (_, ...args) => testFunction(...args));
ipcMain.handle('testApi:syncFunction', (_, ...args) => syncFunction(...args));
}
"
`;

exports[`iPC Plugin > should generate preload client code correctly 1`] = `
"
import { ipcRenderer } from 'electron'

// 按文件名分组的API对象
export const testApi = {
  testFunction: (...args) => ipcRenderer.invoke('testApi:testFunction', ...args),
  syncFunction: (...args) => ipcRenderer.invoke('testApi:syncFunction', ...args)
};

"
`;
